{"level":"error","message":"Daily report error: applyDateFilter is not defined"}
{"level":"error","message":"Daily report error: applyDateFilter is not defined"}
{"level":"error","message":"Daily report error: applyDateFilter is not defined"}
{"level":"error","message":"Daily report error: applyDateFilter is not defined"}
{"level":"error","message":"MongoDB connection failed: querySrv ECONNREFUSED _mongodb._tcp.attendencemernproject.kekt0i7.mongodb.net"}
{"level":"error","message":"MongoDB connection failed: querySrv ECONNREFUSED _mongodb._tcp.attendencemernproject.kekt0i7.mongodb.net"}
{"level":"error","message":"MongoDB connection failed: querySrv ECONNREFUSED _mongodb._tcp.attendencemernproject.kekt0i7.mongodb.net"}
{"level":"error","message":"MongoDB connection failed: querySrv ECONNREFUSED _mongodb._tcp.attendencemernproject.kekt0i7.mongodb.net"}
{"level":"error","message":"MongoDB connection failed: querySrv ECONNREFUSED _mongodb._tcp.attendencemernproject.kekt0i7.mongodb.net"}
{"level":"error","message":"MongoDB connection failed: querySrv ECONNREFUSED _mongodb._tcp.attendencemernproject.kekt0i7.mongodb.net"}
{"level":"error","message":"MongoDB connection failed: querySrv ECONNREFUSED _mongodb._tcp.attendencemernproject.kekt0i7.mongodb.net"}
{"level":"error","message":"MongoDB connection failed: querySrv ECONNREFUSED _mongodb._tcp.attendencemernproject.kekt0i7.mongodb.net"}
{"level":"error","message":"MongoDB connection failed: querySrv ECONNREFUSED _mongodb._tcp.attendencemernproject.kekt0i7.mongodb.net"}
{"level":"error","message":"MongoDB connection failed: querySrv ECONNREFUSED _mongodb._tcp.attendencemernproject.kekt0i7.mongodb.net"}
{"level":"error","message":"MongoDB connection failed: querySrv ECONNREFUSED _mongodb._tcp.cluster0.1swt4ki.mongodb.net"}
{"level":"error","message":"MongoDB connection failed: querySrv ECONNREFUSED _mongodb._tcp.cluster0.1swt4ki.mongodb.net"}
{"level":"error","message":"MongoDB connection failed: querySrv ECONNREFUSED _mongodb._tcp.cluster0.1swt4ki.mongodb.net"}
{"level":"error","message":"MongoDB connection failed: querySrv ECONNREFUSED _mongodb._tcp.cluster01.7sl4uls.mongodb.net"}
{"level":"error","message":"MongoDB connection failed: querySrv ECONNREFUSED _mongodb._tcp.cluster01.7sl4uls.mongodb.net"}
{"level":"error","message":"MongoDB connection failed: querySrv ECONNREFUSED _mongodb._tcp.cluster01.7sl4uls.mongodb.net"}
{"level":"error","message":"MongoDB connection failed: querySrv ECONNREFUSED _mongodb._tcp.cluster001.tf52pxl.mongodb.net"}
{"level":"error","message":"MongoDB connection failed: querySrv ECONNREFUSED _mongodb._tcp.cluster001.tf52pxl.mongodb.net"}
{"level":"error","message":"MongoDB connection failed: querySrv ECONNREFUSED _mongodb._tcp.cluster001.tf52pxl.mongodb.net"}
